// Jest Snapshot v1, https://goo.gl/fbAQLP

exports[`removeCustomCss should be able to remove the custom css 1`] = `"body:{width:100%}"`;

exports[`removeCustomCss should be able to remove the custom css 2`] = `""`;
