// Jest Snapshot v1, https://goo.gl/fbAQLP

exports[`setCustomCss should be able to set the custom css with the animations disabled 1`] = `"body{padding-top:6px !important}body{padding-bottom:6px !important}"`;

exports[`setCustomCss should be able to set the custom css with the animations disabled 2`] = `
"body{padding-top:6px !important}body{padding-bottom:6px !important}
* {
    -o-transition-property: none !important;
    -moz-transition-property: none !important;
    -ms-transition-property: none !important;
    -webkit-transition-property: none !important;
    transition-property: none !important;
    -o-transform: none !important;
    -moz-transform: none !important;
    -ms-transform: none !important;
    -webkit-transform: none !important;
    transform: none !important;
    -webkit-animation: none !important;
    -moz-animation: none !important;
    -o-animation: none !important;
    -ms-animation: none !important;
    animation: none !important;
}body{padding-top:6px !important}body{padding-bottom:6px !important}"
`;

exports[`setCustomCss should be able to set the custom css with the default options 1`] = `""`;

exports[`setCustomCss should be able to set the custom css with the default options 2`] = `"body{padding-top:6px !important}body{padding-bottom:6px !important}"`;
